Code Section mapping
Address     Vaddress    Size        File                           ID  Attr
00000000    --------    00000000    C:\Users\Nick\Downloads\piece\handbook\pieceisoimage\PHB2CD\AQUAPLUS\v1_18\lib\pceapi.lib:stacklen.o  1   ABS
00100000    --------    0000009c    C:\Users\Nick\Downloads\piece\handbook\pieceisoimage\PHB2CD\AQUAPLUS\v1_18\lib\cstart.o  0   REL
0010009c    --------    00001e68    yomyamo.o                      0   REL
00101f04    --------    00000248    base.o                         0   REL
0010214c    --------    00002b7c    pattern.o                      0   REL
00104cc8    --------    000029e4    sound.o                        0   REL
001076ac    --------    0000573c    wavetbl.o                      0   REL
0010cde8    --------    00000574    C:\Users\Nick\Downloads\piece\handbook\pieceisoimage\PHB2CD\AQUAPLUS\v1_18\lib\muslib.lib:mus.o  0   REL
0010d35c    --------    000007a8    C:\Users\Nick\Downloads\piece\handbook\pieceisoimage\PHB2CD\AQUAPLUS\v1_18\lib\muslib.lib:seq.o  0   REL
0010db04    --------    0000028c    C:\Users\Nick\Downloads\piece\handbook\pieceisoimage\PHB2CD\AQUAPLUS\v1_18\lib\muslib.lib:exp12.o  0   REL
0010dd90    --------    00000128    C:\Users\Nick\Downloads\piece\handbook\pieceisoimage\PHB2CD\AQUAPLUS\v1_18\lib\muslib.lib:musfast.o  0   REL
0010deb8    --------    00000008    C:\Users\Nick\Downloads\piece\handbook\pieceisoimage\PHB2CD\AQUAPLUS\v1_18\lib\pceapi.lib:pceWaveDataOut.o  0   REL
0010dec0    --------    00000050    C:\Users\Nick\Downloads\piece\handbook\pieceisoimage\PHB2CD\AQUAPLUS\v1_18\lib\pceapi.lib:memset.o  0   REL
0010df10    --------    00000008    C:\Users\Nick\Downloads\piece\handbook\pieceisoimage\PHB2CD\AQUAPLUS\v1_18\lib\pceapi.lib:pceAppSetProcPeriod.o  0   REL
0010df18    --------    00000008    C:\Users\Nick\Downloads\piece\handbook\pieceisoimage\PHB2CD\AQUAPLUS\v1_18\lib\pceapi.lib:pceTimeGet.o  0   REL
0010df20    --------    00000008    C:\Users\Nick\Downloads\piece\handbook\pieceisoimage\PHB2CD\AQUAPLUS\v1_18\lib\pceapi.lib:pceLCDDispStart.o  0   REL
0010df28    --------    00000008    C:\Users\Nick\Downloads\piece\handbook\pieceisoimage\PHB2CD\AQUAPLUS\v1_18\lib\pceapi.lib:pceLCDSetBuffer.o  0   REL
0010df30    --------    00000008    C:\Users\Nick\Downloads\piece\handbook\pieceisoimage\PHB2CD\AQUAPLUS\v1_18\lib\pceapi.lib:pceLCDDispStop.o  0   REL
0010df38    --------    00000008    C:\Users\Nick\Downloads\piece\handbook\pieceisoimage\PHB2CD\AQUAPLUS\v1_18\lib\pceapi.lib:pceLCDSetBright.o  0   REL
0010df40    --------    00000008    C:\Users\Nick\Downloads\piece\handbook\pieceisoimage\PHB2CD\AQUAPLUS\v1_18\lib\pceapi.lib:pceLCDTrans.o  0   REL
0010df48    --------    00000008    C:\Users\Nick\Downloads\piece\handbook\pieceisoimage\PHB2CD\AQUAPLUS\v1_18\lib\pceapi.lib:pceWaveSetMasterAtt.o  0   REL
0010df50    --------    00000008    C:\Users\Nick\Downloads\piece\handbook\pieceisoimage\PHB2CD\AQUAPLUS\v1_18\lib\pceapi.lib:pceLCDDrawObject.o  0   REL
0010df58    --------    00000044    C:\Users\Nick\Downloads\piece\handbook\pieceisoimage\PHB2CD\AQUAPLUS\v1_18\lib\pceapi.lib:memcpy.o  0   REL
0010df9c    --------    00000008    C:\Users\Nick\Downloads\piece\handbook\pieceisoimage\PHB2CD\AQUAPLUS\v1_18\lib\pceapi.lib:pceLCDSetObject.o  0   REL
0010dfa4    --------    00000008    C:\Users\Nick\Downloads\piece\handbook\pieceisoimage\PHB2CD\AQUAPLUS\v1_18\lib\pceapi.lib:pceWaveStop.o  0   REL
0010dfac    --------    00000008    C:\Users\Nick\Downloads\piece\handbook\pieceisoimage\PHB2CD\AQUAPLUS\v1_18\lib\pceapi.lib:pceAppReqExit.o  0   REL
0010dfb4    --------    00000008    C:\Users\Nick\Downloads\piece\handbook\pieceisoimage\PHB2CD\AQUAPLUS\v1_18\lib\pceapi.lib:pcePadGet.o  0   REL
0010dfbc    --------    00000008    C:\Users\Nick\Downloads\piece\handbook\pieceisoimage\PHB2CD\AQUAPLUS\v1_18\lib\pceapi.lib:pceFontPrintf.o  0   REL
0010dfc4    --------    00000008    C:\Users\Nick\Downloads\piece\handbook\pieceisoimage\PHB2CD\AQUAPLUS\v1_18\lib\pceapi.lib:pceFontPutStr.o  0   REL
0010dfcc    --------    00000008    C:\Users\Nick\Downloads\piece\handbook\pieceisoimage\PHB2CD\AQUAPLUS\v1_18\lib\pceapi.lib:pceFontSetPos.o  0   REL
0010dfd4    --------    00000008    C:\Users\Nick\Downloads\piece\handbook\pieceisoimage\PHB2CD\AQUAPLUS\v1_18\lib\pceapi.lib:pceFontSetBkColor.o  0   REL
0010dfdc    --------    00000008    C:\Users\Nick\Downloads\piece\handbook\pieceisoimage\PHB2CD\AQUAPLUS\v1_18\lib\pceapi.lib:pceFontSetTxColor.o  0   REL
0010dfe4    --------    00000008    C:\Users\Nick\Downloads\piece\handbook\pieceisoimage\PHB2CD\AQUAPLUS\v1_18\lib\pceapi.lib:pceFontSetType.o  0   REL
0010dfec    --------    00000008    C:\Users\Nick\Downloads\piece\handbook\pieceisoimage\PHB2CD\AQUAPLUS\v1_18\lib\pceapi.lib:pceLCDPaint.o  0   REL
0010dff4    --------    0000001c    C:\Users\Nick\Downloads\piece\handbook\pieceisoimage\PHB2CD\AQUAPLUS\v1_18\lib\pceapi.lib:defnotify.o  0   REL
0010e010    --------    00000000    C:\Users\Nick\Downloads\piece\handbook\pieceisoimage\PHB2CD\AQUAPLUS\v1_18\lib\pceapi.lib:def_vbuff.o  0   REL
0010e010    --------    000000ec    C:\Users\Nick\Downloads\piece\handbook\pieceisoimage\PHB2CD\AQUAPLUS\v1_18\lib\pceapi.lib:version_check.o  0   REL
0010e0fc    --------    00000008    C:\Users\Nick\Downloads\piece\handbook\pieceisoimage\PHB2CD\AQUAPLUS\v1_18\lib\pceapi.lib:pceSystemGetInfo.o  0   REL
0010e104    --------    0000000c    C:\Users\Nick\Downloads\piece\handbook\pieceisoimage\PHB2CD\AQUAPLUS\v1_18\lib\lib.lib:srand.o  0   REL
0010e110    --------    00000000    C:\Users\Nick\Downloads\piece\handbook\pieceisoimage\PHB2CD\AQUAPLUS\v1_18\lib\lib.lib:seed.o  0   REL
0010e110    --------    00000030    C:\Users\Nick\Downloads\piece\handbook\pieceisoimage\PHB2CD\AQUAPLUS\v1_18\lib\lib.lib:rand.o  0   REL
0010e140    --------    0000000c    C:\Users\Nick\Downloads\piece\handbook\pieceisoimage\PHB2CD\AQUAPLUS\v1_18\lib\string.lib:strlen.o  0   REL
0010e14c    --------    00000044    C:\Users\Nick\Downloads\piece\handbook\pieceisoimage\PHB2CD\AQUAPLUS\v1_18\lib\idiv.lib:divsi3.o  0   REL
0010e190    --------    00000044    C:\Users\Nick\Downloads\piece\handbook\pieceisoimage\PHB2CD\AQUAPLUS\v1_18\lib\idiv.lib:modsi3.o  0   REL

Data Section mapping
Address     Vaddress    Size        File                           ID  Attr
0010e1d4    --------    00000000    C:\Users\Nick\Downloads\piece\handbook\pieceisoimage\PHB2CD\AQUAPLUS\v1_18\lib\cstart.o  1   REL
0010e1d4    --------    00000014    yomyamo.o                      1   REL
0010e1e8    --------    00000010    base.o                         1   REL
0010e1f8    --------    00000000    pattern.o                      1   REL
0010e1f8    --------    00000014    sound.o                        1   REL
0010e20c    --------    00000044    wavetbl.o                      1   REL
0010e250    --------    00000000    C:\Users\Nick\Downloads\piece\handbook\pieceisoimage\PHB2CD\AQUAPLUS\v1_18\lib\muslib.lib:mus.o  1   REL
0010e250    --------    00000080    C:\Users\Nick\Downloads\piece\handbook\pieceisoimage\PHB2CD\AQUAPLUS\v1_18\lib\muslib.lib:seq.o  1   REL
0010e2d0    --------    00000000    C:\Users\Nick\Downloads\piece\handbook\pieceisoimage\PHB2CD\AQUAPLUS\v1_18\lib\muslib.lib:exp12.o  1   REL
0010e2d0    --------    00000000    C:\Users\Nick\Downloads\piece\handbook\pieceisoimage\PHB2CD\AQUAPLUS\v1_18\lib\muslib.lib:musfast.o  1   REL
0010e2d0    --------    00000000    C:\Users\Nick\Downloads\piece\handbook\pieceisoimage\PHB2CD\AQUAPLUS\v1_18\lib\pceapi.lib:pceWaveDataOut.o  1   REL
0010e2d0    --------    00000000    C:\Users\Nick\Downloads\piece\handbook\pieceisoimage\PHB2CD\AQUAPLUS\v1_18\lib\pceapi.lib:memset.o  1   REL
0010e2d0    --------    00000000    C:\Users\Nick\Downloads\piece\handbook\pieceisoimage\PHB2CD\AQUAPLUS\v1_18\lib\pceapi.lib:pceAppSetProcPeriod.o  1   REL
0010e2d0    --------    00000000    C:\Users\Nick\Downloads\piece\handbook\pieceisoimage\PHB2CD\AQUAPLUS\v1_18\lib\pceapi.lib:pceTimeGet.o  1   REL
0010e2d0    --------    00000000    C:\Users\Nick\Downloads\piece\handbook\pieceisoimage\PHB2CD\AQUAPLUS\v1_18\lib\pceapi.lib:pceLCDDispStart.o  1   REL
0010e2d0    --------    00000000    C:\Users\Nick\Downloads\piece\handbook\pieceisoimage\PHB2CD\AQUAPLUS\v1_18\lib\pceapi.lib:pceLCDSetBuffer.o  1   REL
0010e2d0    --------    00000000    C:\Users\Nick\Downloads\piece\handbook\pieceisoimage\PHB2CD\AQUAPLUS\v1_18\lib\pceapi.lib:pceLCDDispStop.o  1   REL
0010e2d0    --------    00000000    C:\Users\Nick\Downloads\piece\handbook\pieceisoimage\PHB2CD\AQUAPLUS\v1_18\lib\pceapi.lib:pceLCDSetBright.o  1   REL
0010e2d0    --------    00000000    C:\Users\Nick\Downloads\piece\handbook\pieceisoimage\PHB2CD\AQUAPLUS\v1_18\lib\pceapi.lib:pceLCDTrans.o  1   REL
0010e2d0    --------    00000000    C:\Users\Nick\Downloads\piece\handbook\pieceisoimage\PHB2CD\AQUAPLUS\v1_18\lib\pceapi.lib:pceWaveSetMasterAtt.o  1   REL
0010e2d0    --------    00000000    C:\Users\Nick\Downloads\piece\handbook\pieceisoimage\PHB2CD\AQUAPLUS\v1_18\lib\pceapi.lib:pceLCDDrawObject.o  1   REL
0010e2d0    --------    00000000    C:\Users\Nick\Downloads\piece\handbook\pieceisoimage\PHB2CD\AQUAPLUS\v1_18\lib\pceapi.lib:memcpy.o  1   REL
0010e2d0    --------    00000000    C:\Users\Nick\Downloads\piece\handbook\pieceisoimage\PHB2CD\AQUAPLUS\v1_18\lib\pceapi.lib:pceLCDSetObject.o  1   REL
0010e2d0    --------    00000000    C:\Users\Nick\Downloads\piece\handbook\pieceisoimage\PHB2CD\AQUAPLUS\v1_18\lib\pceapi.lib:pceWaveStop.o  1   REL
0010e2d0    --------    00000000    C:\Users\Nick\Downloads\piece\handbook\pieceisoimage\PHB2CD\AQUAPLUS\v1_18\lib\pceapi.lib:pceAppReqExit.o  1   REL
0010e2d0    --------    00000000    C:\Users\Nick\Downloads\piece\handbook\pieceisoimage\PHB2CD\AQUAPLUS\v1_18\lib\pceapi.lib:pcePadGet.o  1   REL
0010e2d0    --------    00000000    C:\Users\Nick\Downloads\piece\handbook\pieceisoimage\PHB2CD\AQUAPLUS\v1_18\lib\pceapi.lib:pceFontPrintf.o  1   REL
0010e2d0    --------    00000000    C:\Users\Nick\Downloads\piece\handbook\pieceisoimage\PHB2CD\AQUAPLUS\v1_18\lib\pceapi.lib:pceFontPutStr.o  1   REL
0010e2d0    --------    00000000    C:\Users\Nick\Downloads\piece\handbook\pieceisoimage\PHB2CD\AQUAPLUS\v1_18\lib\pceapi.lib:pceFontSetPos.o  1   REL
0010e2d0    --------    00000000    C:\Users\Nick\Downloads\piece\handbook\pieceisoimage\PHB2CD\AQUAPLUS\v1_18\lib\pceapi.lib:pceFontSetBkColor.o  1   REL
0010e2d0    --------    00000000    C:\Users\Nick\Downloads\piece\handbook\pieceisoimage\PHB2CD\AQUAPLUS\v1_18\lib\pceapi.lib:pceFontSetTxColor.o  1   REL
0010e2d0    --------    00000000    C:\Users\Nick\Downloads\piece\handbook\pieceisoimage\PHB2CD\AQUAPLUS\v1_18\lib\pceapi.lib:pceFontSetType.o  1   REL
0010e2d0    --------    00000000    C:\Users\Nick\Downloads\piece\handbook\pieceisoimage\PHB2CD\AQUAPLUS\v1_18\lib\pceapi.lib:pceLCDPaint.o  1   REL
0010e2d0    --------    00000000    C:\Users\Nick\Downloads\piece\handbook\pieceisoimage\PHB2CD\AQUAPLUS\v1_18\lib\pceapi.lib:defnotify.o  1   REL
0010e2d0    --------    00000000    C:\Users\Nick\Downloads\piece\handbook\pieceisoimage\PHB2CD\AQUAPLUS\v1_18\lib\pceapi.lib:def_vbuff.o  1   REL
0010e2d0    --------    00000000    C:\Users\Nick\Downloads\piece\handbook\pieceisoimage\PHB2CD\AQUAPLUS\v1_18\lib\pceapi.lib:version_check.o  1   REL
0010e2d0    --------    00000000    C:\Users\Nick\Downloads\piece\handbook\pieceisoimage\PHB2CD\AQUAPLUS\v1_18\lib\pceapi.lib:pceSystemGetInfo.o  1   REL
0010e2d0    --------    00000000    C:\Users\Nick\Downloads\piece\handbook\pieceisoimage\PHB2CD\AQUAPLUS\v1_18\lib\lib.lib:srand.o  1   REL
0010e2d0    --------    00000000    C:\Users\Nick\Downloads\piece\handbook\pieceisoimage\PHB2CD\AQUAPLUS\v1_18\lib\lib.lib:seed.o  1   REL
0010e2d0    --------    00000000    C:\Users\Nick\Downloads\piece\handbook\pieceisoimage\PHB2CD\AQUAPLUS\v1_18\lib\lib.lib:rand.o  1   REL
0010e2d0    --------    00000000    C:\Users\Nick\Downloads\piece\handbook\pieceisoimage\PHB2CD\AQUAPLUS\v1_18\lib\string.lib:strlen.o  1   REL
0010e2d0    --------    00000000    C:\Users\Nick\Downloads\piece\handbook\pieceisoimage\PHB2CD\AQUAPLUS\v1_18\lib\idiv.lib:divsi3.o  1   REL
0010e2d0    --------    00000000    C:\Users\Nick\Downloads\piece\handbook\pieceisoimage\PHB2CD\AQUAPLUS\v1_18\lib\idiv.lib:modsi3.o  1   REL

Bss Section mapping
Address     Vaddress    Size        File                           ID  Attr
0010e2d0    --------    00000000    C:\Users\Nick\Downloads\piece\handbook\pieceisoimage\PHB2CD\AQUAPLUS\v1_18\lib\cstart.o  2   REL
0010e2d0    --------    00006008    yomyamo.o                      2   REL
001142d8    --------    00002c0c    base.o                         2   REL
00116ee4    --------    00000000    pattern.o                      2   REL
00116ee4    --------    00000000    sound.o                        2   REL
00116ee4    --------    00000000    wavetbl.o                      2   REL
00116ee4    --------    00000470    C:\Users\Nick\Downloads\piece\handbook\pieceisoimage\PHB2CD\AQUAPLUS\v1_18\lib\muslib.lib:mus.o  2   REL
00117354    --------    00000420    C:\Users\Nick\Downloads\piece\handbook\pieceisoimage\PHB2CD\AQUAPLUS\v1_18\lib\muslib.lib:seq.o  2   REL
00117774    --------    00000000    C:\Users\Nick\Downloads\piece\handbook\pieceisoimage\PHB2CD\AQUAPLUS\v1_18\lib\muslib.lib:exp12.o  2   REL
00117774    --------    00000000    C:\Users\Nick\Downloads\piece\handbook\pieceisoimage\PHB2CD\AQUAPLUS\v1_18\lib\muslib.lib:musfast.o  2   REL
00117774    --------    00000000    C:\Users\Nick\Downloads\piece\handbook\pieceisoimage\PHB2CD\AQUAPLUS\v1_18\lib\pceapi.lib:pceWaveDataOut.o  2   REL
00117774    --------    00000000    C:\Users\Nick\Downloads\piece\handbook\pieceisoimage\PHB2CD\AQUAPLUS\v1_18\lib\pceapi.lib:memset.o  2   REL
00117774    --------    00000000    C:\Users\Nick\Downloads\piece\handbook\pieceisoimage\PHB2CD\AQUAPLUS\v1_18\lib\pceapi.lib:pceAppSetProcPeriod.o  2   REL
00117774    --------    00000000    C:\Users\Nick\Downloads\piece\handbook\pieceisoimage\PHB2CD\AQUAPLUS\v1_18\lib\pceapi.lib:pceTimeGet.o  2   REL
00117774    --------    00000000    C:\Users\Nick\Downloads\piece\handbook\pieceisoimage\PHB2CD\AQUAPLUS\v1_18\lib\pceapi.lib:pceLCDDispStart.o  2   REL
00117774    --------    00000000    C:\Users\Nick\Downloads\piece\handbook\pieceisoimage\PHB2CD\AQUAPLUS\v1_18\lib\pceapi.lib:pceLCDSetBuffer.o  2   REL
00117774    --------    00000000    C:\Users\Nick\Downloads\piece\handbook\pieceisoimage\PHB2CD\AQUAPLUS\v1_18\lib\pceapi.lib:pceLCDDispStop.o  2   REL
00117774    --------    00000000    C:\Users\Nick\Downloads\piece\handbook\pieceisoimage\PHB2CD\AQUAPLUS\v1_18\lib\pceapi.lib:pceLCDSetBright.o  2   REL
00117774    --------    00000000    C:\Users\Nick\Downloads\piece\handbook\pieceisoimage\PHB2CD\AQUAPLUS\v1_18\lib\pceapi.lib:pceLCDTrans.o  2   REL
00117774    --------    00000000    C:\Users\Nick\Downloads\piece\handbook\pieceisoimage\PHB2CD\AQUAPLUS\v1_18\lib\pceapi.lib:pceWaveSetMasterAtt.o  2   REL
00117774    --------    00000000    C:\Users\Nick\Downloads\piece\handbook\pieceisoimage\PHB2CD\AQUAPLUS\v1_18\lib\pceapi.lib:pceLCDDrawObject.o  2   REL
00117774    --------    00000000    C:\Users\Nick\Downloads\piece\handbook\pieceisoimage\PHB2CD\AQUAPLUS\v1_18\lib\pceapi.lib:memcpy.o  2   REL
00117774    --------    00000000    C:\Users\Nick\Downloads\piece\handbook\pieceisoimage\PHB2CD\AQUAPLUS\v1_18\lib\pceapi.lib:pceLCDSetObject.o  2   REL
00117774    --------    00000000    C:\Users\Nick\Downloads\piece\handbook\pieceisoimage\PHB2CD\AQUAPLUS\v1_18\lib\pceapi.lib:pceWaveStop.o  2   REL
00117774    --------    00000000    C:\Users\Nick\Downloads\piece\handbook\pieceisoimage\PHB2CD\AQUAPLUS\v1_18\lib\pceapi.lib:pceAppReqExit.o  2   REL
00117774    --------    00000000    C:\Users\Nick\Downloads\piece\handbook\pieceisoimage\PHB2CD\AQUAPLUS\v1_18\lib\pceapi.lib:pcePadGet.o  2   REL
00117774    --------    00000000    C:\Users\Nick\Downloads\piece\handbook\pieceisoimage\PHB2CD\AQUAPLUS\v1_18\lib\pceapi.lib:pceFontPrintf.o  2   REL
00117774    --------    00000000    C:\Users\Nick\Downloads\piece\handbook\pieceisoimage\PHB2CD\AQUAPLUS\v1_18\lib\pceapi.lib:pceFontPutStr.o  2   REL
00117774    --------    00000000    C:\Users\Nick\Downloads\piece\handbook\pieceisoimage\PHB2CD\AQUAPLUS\v1_18\lib\pceapi.lib:pceFontSetPos.o  2   REL
00117774    --------    00000000    C:\Users\Nick\Downloads\piece\handbook\pieceisoimage\PHB2CD\AQUAPLUS\v1_18\lib\pceapi.lib:pceFontSetBkColor.o  2   REL
00117774    --------    00000000    C:\Users\Nick\Downloads\piece\handbook\pieceisoimage\PHB2CD\AQUAPLUS\v1_18\lib\pceapi.lib:pceFontSetTxColor.o  2   REL
00117774    --------    00000000    C:\Users\Nick\Downloads\piece\handbook\pieceisoimage\PHB2CD\AQUAPLUS\v1_18\lib\pceapi.lib:pceFontSetType.o  2   REL
00117774    --------    00000000    C:\Users\Nick\Downloads\piece\handbook\pieceisoimage\PHB2CD\AQUAPLUS\v1_18\lib\pceapi.lib:pceLCDPaint.o  2   REL
00117774    --------    00000000    C:\Users\Nick\Downloads\piece\handbook\pieceisoimage\PHB2CD\AQUAPLUS\v1_18\lib\pceapi.lib:defnotify.o  2   REL
00117774    --------    00002c00    C:\Users\Nick\Downloads\piece\handbook\pieceisoimage\PHB2CD\AQUAPLUS\v1_18\lib\pceapi.lib:def_vbuff.o  2   REL
0011a374    --------    00000000    C:\Users\Nick\Downloads\piece\handbook\pieceisoimage\PHB2CD\AQUAPLUS\v1_18\lib\pceapi.lib:version_check.o  2   REL
0011a374    --------    00000000    C:\Users\Nick\Downloads\piece\handbook\pieceisoimage\PHB2CD\AQUAPLUS\v1_18\lib\pceapi.lib:pceSystemGetInfo.o  2   REL
0011a374    --------    00000000    C:\Users\Nick\Downloads\piece\handbook\pieceisoimage\PHB2CD\AQUAPLUS\v1_18\lib\lib.lib:srand.o  2   REL
0011a374    --------    00000004    C:\Users\Nick\Downloads\piece\handbook\pieceisoimage\PHB2CD\AQUAPLUS\v1_18\lib\lib.lib:seed.o  2   REL
0011a378    --------    00000000    C:\Users\Nick\Downloads\piece\handbook\pieceisoimage\PHB2CD\AQUAPLUS\v1_18\lib\lib.lib:rand.o  2   REL
0011a378    --------    00000000    C:\Users\Nick\Downloads\piece\handbook\pieceisoimage\PHB2CD\AQUAPLUS\v1_18\lib\string.lib:strlen.o  2   REL
0011a378    --------    00000000    C:\Users\Nick\Downloads\piece\handbook\pieceisoimage\PHB2CD\AQUAPLUS\v1_18\lib\idiv.lib:divsi3.o  2   REL
0011a378    --------    00000000    C:\Users\Nick\Downloads\piece\handbook\pieceisoimage\PHB2CD\AQUAPLUS\v1_18\lib\idiv.lib:modsi3.o  2   REL
